// Jest Snapshot v1, https://goo.gl/fbAQLP

exports[`renders correctly 1`] = `
<DocumentFragment>
  <div
    class="App"
  >
    <img
      alt="Certags Logo"
      class="App__certags-logo"
      src="certags-web.png"
    />
    <nav
      class="navbar"
    >
      <ul
        class="navbar__list"
      >
        <li
          class="navbar__list-item"
        >
          <a
            class="navbar__list__link"
            href="/"
          >
            All Artworks
          </a>
        </li>
        <li
          class="navbar__list-item"
        >
          <a
            class="navbar__list__link"
            href="/add-artwork"
          >
            Add Artwork
          </a>
        </li>
        <li
          class="navbar__list-item"
        >
          <form
            class="navbar__list__search"
          >
            <label
              for="search"
            />
            <input
              class="navbar__list__search-text"
              id="search"
              placeholder="Company or Product code"
              type="search"
              value=""
            />
            <label
              for="search-button"
            />
            <button
              class="navbar__list__search-button"
              id="search-button"
              type="submit"
            >
              <svg
                aria-hidden="true"
                class="svg-inline--fa fa-magnifying-glass "
                data-icon="magnifying-glass"
                data-prefix="fas"
                focusable="false"
                role="img"
                viewBox="0 0 512 512"
                xmlns="http://www.w3.org/2000/svg"
              >
                <path
                  d="M416 208c0 45.9-14.9 88.3-40 122.7L502.6 457.4c12.5 12.5 12.5 32.8 0 45.3s-32.8 12.5-45.3 0L330.7 376c-34.4 25.2-76.8 40-122.7 40C93.1 416 0 322.9 0 208S93.1 0 208 0S416 93.1 416 208zM208 352a144 144 0 1 0 0-288 144 144 0 1 0 0 288z"
                  fill="currentColor"
                />
              </svg>
            </button>
          </form>
        </li>
        <li
          class="navbar__list-item"
        >
          <button
            class="navbar__list__log-out"
            type="button"
          >
            Log Out
          </button>
        </li>
      </ul>
    </nav>
    <div
      class="all-artworks__error"
    >
      <p>
        If the artworks haven't loaded after a while there may be a problem with the server
      </p>
    </div>
  </div>
</DocumentFragment>
`;
